{
  "metadata": {
    "source": "DevTools",
    "startTime": "mocked-timestamp",
    "hardwareConcurrency": 1,
    "dataOrigin": "TraceEvents"
  },
  "traceEvents": [
    {
      "cat": "__metadata",
      "name": "process_name",
      "ph": "M",
      "pid": 10002,
      "tid": 0,
      "ts": 0,
      "args": {
        "name": "ChildProcess: pid:10002"
      }
    },
    {
      "cat": "__metadata",
      "name": "thread_name",
      "ph": "M",
      "pid": 10002,
      "tid": 0,
      "ts": 0,
      "args": {
        "name": "ChildProcess: pid:10002"
      }
    },
    {
      "cat": "__metadata",
      "name": "thread_name",
      "ph": "M",
      "pid": 10002,
      "tid": 0,
      "ts": 0,
      "args": {
        "name": "CrRendererMain"
      }
    },
    {
      "cat": "__metadata",
      "name": "process_name",
      "ph": "M",
      "pid": 10002,
      "tid": 2,
      "ts": 0,
      "args": {
        "name": "ChildProcess: pid:10003"
      }
    },
    {
      "cat": "__metadata",
      "name": "thread_name",
      "ph": "M",
      "pid": 10002,
      "tid": 2,
      "ts": 0,
      "args": {
        "name": "ChildProcess: pid:10003"
      }
    },
    {
      "args": {
        "data": {
          "frame": "FRAME0P10002T0",
          "isMainFrame": true,
          "isOutermostMainFrame": true,
          "name": "",
          "page": "FRAME0P10002T0",
          "url": "Process: pid:10002"
        }
      },
      "cat": "devtools.timeline",
      "dur": 10,
      "name": "CommitLoad",
      "ph": "X",
      "pid": 10002,
      "tid": 0,
      "ts": 100000000039
    },
    {
      "cat": "devtools.timeline",
      "name": "TracingStartedInBrowser",
      "ph": "I",
      "pid": 10002,
      "tid": 0,
      "ts": 100000000039,
      "s": "t",
      "args": {
        "data": {
          "frameTreeNodeId": 1000200,
          "frames": [
            {
              "frame": "FRAME0P10002T0",
              "isInPrimaryMainFrame": true,
              "isOutermostMainFrame": true,
              "name": "",
              "processId": 10002,
              "url": "Process: pid:10002"
            }
          ],
          "persistentIds": true
        }
      }
    },
    {
      "cat": "v8",
      "name": "CpuProfiler::StartProfiling",
      "dur": 0,
      "ph": "X",
      "pid": 10002,
      "tid": 0,
      "ts": 100000000040,
      "args": {
        "data": {
          "startTime": 100000000040
        }
      }
    },
    {
      "cat": "v8.cpu_profiler",
      "id": "0x100020",
      "name": "Profile",
      "ph": "P",
      "pid": 10002,
      "tid": 0,
      "ts": 100000000040,
      "args": {
        "data": {
          "startTime": 100000000040
        }
      }
    },
    {
      "cat": "v8.cpu_profiler",
      "name": "ProfileChunk",
      "id": "0x100020",
      "ph": "P",
      "pid": 10002,
      "tid": 0,
      "ts": 100000000040,
      "args": {
        "data": {
          "cpuProfile": {
            "nodes": [
              {
                "id": 1,
                "callFrame": {
                  "functionName": "(root)",
                  "scriptId": "0",
                  "url": "",
                  "lineNumber": -1,
                  "columnNumber": -1
                },
                "children": [2]
              },
              {
                "id": 2,
                "callFrame": {
                  "functionName": "flatLine_L1",
                  "scriptId": "1-flat-line",
                  "url": "file:///flat-line.js",
                  "lineNumber": 4,
                  "columnNumber": 0
                },
                "parent": 1,
                "children": [3]
              },
              {
                "id": 3,
                "callFrame": {
                  "functionName": "flatLine_L2",
                  "scriptId": "1-flat-line",
                  "url": "file:///flat-line.core.js",
                  "lineNumber": 5,
                  "columnNumber": 0
                },
                "parent": 2,
                "children": [4]
              },
              {
                "id": 4,
                "callFrame": {
                  "functionName": "flatLine_Task",
                  "scriptId": "1-flat-line",
                  "url": "file:///flat-line.utils.js",
                  "lineNumber": 6,
                  "columnNumber": 0
                },
                "parent": 3
              }
            ],
            "samples": [1, 4, 4, 4, 4, 1]
          },
          "timeDeltas": [0, 10, 10, 10, 10, 0]
        }
      }
    },
    {
      "cat": "v8",
      "name": "CpuProfiler::StopProfiling",
      "dur": 0,
      "ph": "X",
      "pid": 10002,
      "tid": 0,
      "ts": 100000000090,
      "args": {
        "data": {
          "endTime": 100000000090
        }
      }
    },
    {
      "cat": "v8",
      "name": "CpuProfiler::StartProfiling",
      "dur": 0,
      "ph": "X",
      "pid": 10002,
      "tid": 2,
      "ts": 100000000110,
      "args": {
        "data": {
          "startTime": 100000000110
        }
      }
    },
    {
      "cat": "v8.cpu_profiler",
      "id": "0x100022",
      "name": "Profile",
      "ph": "P",
      "pid": 10002,
      "tid": 2,
      "ts": 100000000110,
      "args": {
        "data": {
          "startTime": 100000000110
        }
      }
    },
    {
      "cat": "v8.cpu_profiler",
      "name": "ProfileChunk",
      "id": "0x100022",
      "ph": "P",
      "pid": 10002,
      "tid": 2,
      "ts": 100000000110,
      "args": {
        "data": {
          "cpuProfile": {
            "nodes": [
              {
                "id": 1,
                "callFrame": {
                  "functionName": "(root)",
                  "scriptId": "0",
                  "url": "",
                  "lineNumber": -1,
                  "columnNumber": -1
                },
                "children": [2]
              },
              {
                "id": 2,
                "callFrame": {
                  "functionName": "step-1",
                  "scriptId": "1-pyramide",
                  "url": "file:///pyramide.js",
                  "lineNumber": 10,
                  "columnNumber": 0
                },
                "children": [3]
              },
              {
                "id": 3,
                "callFrame": {
                  "functionName": "step-2",
                  "scriptId": "1-pyramide",
                  "url": "file:///pyramide.core.js",
                  "lineNumber": 20,
                  "columnNumber": 0
                },
                "children": [4]
              },
              {
                "id": 4,
                "callFrame": {
                  "functionName": "step-3",
                  "scriptId": "1-pyramide",
                  "url": "file:///pyramide.utils.js",
                  "lineNumber": 30,
                  "columnNumber": 0
                },
                "children": []
              }
            ],
            "samples": [1, 2, 3, 4, 3, 2, 1, 1]
          },
          "timeDeltas": [0, 10, 10, 10, 10, 10, 10, 0]
        }
      }
    },
    {
      "cat": "v8",
      "name": "CpuProfiler::StopProfiling",
      "dur": 0,
      "ph": "X",
      "pid": 10002,
      "tid": 2,
      "ts": 100000000180,
      "args": {
        "data": {
          "endTime": 100000000180
        }
      }
    }
  ]
}
