{
  "traceEvents": [
    {
      "ph": "M",
      "name": "thread_name",
      "pid": 51430,
      "tid": 0,
      "ts": 0,
      "cat": "__metadata",
      "args": {
        "name": "Main Thread (.001)"
      }
    },
    {
      "ph": "X",
      "name": "runMainESM",
      "cat": "function",
      "pid": 51430,
      "tid": 0,
      "ts": 828802956626000,
      "dur": 10083000,
      "args": {
        "url": "node:internal/modules/run_main",
        "line": 92,
        "col": 19
      }
    },
    {
      "ph": "X",
      "name": "main",
      "cat": "function",
      "pid": 51430,
      "tid": 0,
      "ts": 828802956626000,
      "dur": 4083000,
      "args": {
        "url": "file:///path/to/app.mjs",
        "line": 10,
        "col": 0
      }
    },
    {
      "ph": "X",
      "name": "loadConfig",
      "cat": "function",
      "pid": 51430,
      "tid": 0,
      "ts": 828802958626000,
      "dur": 0,
      "args": {
        "url": "file:///path/to/app.mjs",
        "line": 11,
        "col": 2
      }
    },
    {
      "ph": "X",
      "name": "startServer",
      "cat": "function",
      "pid": 51430,
      "tid": 0,
      "ts": 828802958626000,
      "dur": 2083000,
      "args": {
        "url": "file:///path/to/app.mjs",
        "line": 12,
        "col": 2
      }
    }
  ],
  "displayTimeUnit": "ms"
}