{
  "metadata": {
    "source": "DevTools",
    "startTime": "2025-05-17T20:56:31.714Z",
    "hardwareConcurrency": 1,
    "dataOrigin": "TraceEvents"
  },
  "traceEvents": [
    {
      "cat": "disabled-by-default-devtools.timeline",
      "name": "TracingStartedInBrowser",
      "ph": "I",
      "pid": 10001,
      "tid": 20001,
      "ts": 100000000000,
      "s": "t",
      "args": {
        "data": {
          "frameTreeNodeId": 1,
          "frames": [
            {
              "frame": "frame-1",
              "isInPrimaryMainFrame": true,
              "isOutermostMainFrame": true,
              "name": "",
              "processId": 10001,
              "url": "file:// node --cpu-prof main.mjs"
            }
          ],
          "persistentIds": true
        }
      }
    },
    {
      "cat": "__metadata",
      "name": "process_name",
      "ph": "M",
      "pid": 10001,
      "tid": 20001,
      "ts": 0,
      "args": {
        "name": ""
      }
    },
    {
      "cat": "__metadata",
      "name": "thread_name",
      "ph": "M",
      "pid": 10001,
      "tid": 20001,
      "ts": 0,
      "args": {
        "name": "CrRendererMain"
      }
    },
    {
      "cat": "disabled-by-default-v8.cpu_profiler",
      "id": "0x10001200010",
      "name": "Profile",
      "ph": "P",
      "pid": 10001,
      "tid": 20001,
      "ts": 100000000000,
      "args": {
        "data": {
          "startTime": 100000000000
        }
      }
    },
    {
      "cat": "disabled-by-default-v8.cpu_profiler",
      "name": "ProfileChunk",
      "id": "0x10001200010",
      "ph": "P",
      "pid": 10001,
      "tid": 20001,
      "ts": 0,
      "args": {
        "data": {
          "cpuProfile": {
            "nodes": [
              {
                "id": 1,
                "callFrame": {
                  "functionName": "(root)",
                  "scriptId": "0",
                  "url": "",
                  "lineNumber": -1,
                  "columnNumber": -1
                },
                "children": [2]
              },
              {
                "id": 2,
                "callFrame": {
                  "functionName": "runMainESM",
                  "scriptId": "1",
                  "url": "node:internal/modules/run_main",
                  "lineNumber": 92,
                  "columnNumber": 19
                },
                "children": [3],
                "hitCount": 1
              },
              {
                "id": 3,
                "callFrame": {
                  "functionName": "main-work",
                  "scriptId": "2",
                  "url": "file:///index.mjs",
                  "lineNumber": 10,
                  "columnNumber": 0
                },
                "children": [4, 5],
                "hitCount": 1
              },
              {
                "id": 4,
                "callFrame": {
                  "functionName": "child-work-1",
                  "scriptId": "2",
                  "url": "file:///index.mjs",
                  "lineNumber": 11,
                  "columnNumber": 2
                },
                "hitCount": 1
              },
              {
                "id": 5,
                "callFrame": {
                  "functionName": "child-work-2",
                  "scriptId": "2",
                  "url": "file:///index.mjs",
                  "lineNumber": 12,
                  "columnNumber": 2
                },
                "hitCount": 1
              }
            ],
            "samples": [2, 4, 5]
          },
          "timeDeltas": [0, 100, 100]
        }
      }
    },
    {
      "args": {},
      "cat": "disabled-by-default-devtools.timeline",
      "dur": 10,
      "name": "RunTask",
      "ph": "X",
      "pid": 10001,
      "tid": 20001,
      "ts": 100000000300
    },
    {
      "cat": "__metadata",
      "name": "process_name",
      "ph": "M",
      "pid": 10001,
      "tid": 20002,
      "ts": 0,
      "args": {
        "name": ""
      }
    },
    {
      "cat": "__metadata",
      "name": "thread_name",
      "ph": "M",
      "pid": 10001,
      "tid": 20002,
      "ts": 0,
      "args": {
        "name": "main.mjs node --cpu-prof main.mjs"
      }
    },
    {
      "cat": "disabled-by-default-v8.cpu_profiler",
      "id": "0x10001200020",
      "name": "Profile",
      "ph": "P",
      "pid": 10001,
      "tid": 20002,
      "ts": 100000000000,
      "args": {
        "data": {
          "startTime": 100000000000
        }
      }
    },
    {
      "cat": "disabled-by-default-v8.cpu_profiler",
      "name": "ProfileChunk",
      "id": "0x10001200020",
      "ph": "P",
      "pid": 10001,
      "tid": 20002,
      "ts": 0,
      "args": {
        "data": {
          "cpuProfile": {
            "nodes": [
              {
                "id": 1,
                "callFrame": {
                  "functionName": "(root)",
                  "scriptId": "0",
                  "url": "",
                  "lineNumber": -1,
                  "columnNumber": -1
                },
                "children": [2]
              },
              {
                "id": 2,
                "callFrame": {
                  "functionName": "runMainESM",
                  "scriptId": "1",
                  "url": "node:internal/modules/run_main",
                  "lineNumber": 92,
                  "columnNumber": 19
                },
                "children": [3],
                "hitCount": 1
              },
              {
                "id": 3,
                "callFrame": {
                  "functionName": "main-work",
                  "scriptId": "2",
                  "url": "file:///index.mjs",
                  "lineNumber": 10,
                  "columnNumber": 0
                },
                "children": [4, 5],
                "hitCount": 1
              },
              {
                "id": 4,
                "callFrame": {
                  "functionName": "child-work-1",
                  "scriptId": "2",
                  "url": "file:///index.mjs",
                  "lineNumber": 11,
                  "columnNumber": 2
                },
                "hitCount": 1
              },
              {
                "id": 5,
                "callFrame": {
                  "functionName": "child-work-2",
                  "scriptId": "2",
                  "url": "file:///index.mjs",
                  "lineNumber": 12,
                  "columnNumber": 2
                },
                "hitCount": 1
              }
            ],
            "samples": [2, 4, 5]
          },
          "timeDeltas": [0, 100, 100]
        }
      }
    },
    {
      "args": {},
      "cat": "disabled-by-default-devtools.timeline",
      "dur": 10,
      "name": "RunTask",
      "ph": "X",
      "pid": 10001,
      "tid": 20002,
      "ts": 100000000300
    },
    {
      "cat": "__metadata",
      "name": "process_name",
      "ph": "M",
      "pid": 10001,
      "tid": 20003,
      "ts": 0,
      "args": {
        "name": ""
      }
    },
    {
      "cat": "__metadata",
      "name": "thread_name",
      "ph": "M",
      "pid": 10001,
      "tid": 20003,
      "ts": 0,
      "args": {
        "name": "build.mjs node --cpu-prof build.mjs"
      }
    },
    {
      "cat": "disabled-by-default-v8.cpu_profiler",
      "id": "0x10001200030",
      "name": "Profile",
      "ph": "P",
      "pid": 10001,
      "tid": 20003,
      "ts": 100000000000,
      "args": {
        "data": {
          "startTime": 100000000000
        }
      }
    },
    {
      "cat": "disabled-by-default-v8.cpu_profiler",
      "name": "ProfileChunk",
      "id": "0x10001200030",
      "ph": "P",
      "pid": 10001,
      "tid": 20003,
      "ts": 0,
      "args": {
        "data": {
          "cpuProfile": {
            "nodes": [
              {
                "id": 1,
                "callFrame": {
                  "functionName": "(root)",
                  "scriptId": "0",
                  "url": "",
                  "lineNumber": -1,
                  "columnNumber": -1
                },
                "children": [2]
              },
              {
                "id": 2,
                "callFrame": {
                  "functionName": "runMainESM",
                  "scriptId": "1",
                  "url": "node:internal/modules/run_main",
                  "lineNumber": 92,
                  "columnNumber": 19
                },
                "children": [3],
                "hitCount": 1
              },
              {
                "id": 3,
                "callFrame": {
                  "functionName": "main-work",
                  "scriptId": "2",
                  "url": "file:///index.mjs",
                  "lineNumber": 10,
                  "columnNumber": 0
                },
                "children": [4, 5],
                "hitCount": 1
              },
              {
                "id": 4,
                "callFrame": {
                  "functionName": "child-work-1",
                  "scriptId": "2",
                  "url": "file:///index.mjs",
                  "lineNumber": 11,
                  "columnNumber": 2
                },
                "hitCount": 1
              },
              {
                "id": 5,
                "callFrame": {
                  "functionName": "child-work-2",
                  "scriptId": "2",
                  "url": "file:///index.mjs",
                  "lineNumber": 12,
                  "columnNumber": 2
                },
                "hitCount": 1
              }
            ],
            "samples": [2, 4, 5]
          },
          "timeDeltas": [0, 100, 100]
        }
      }
    },
    {
      "args": {},
      "cat": "disabled-by-default-devtools.timeline",
      "dur": 10,
      "name": "RunTask",
      "ph": "X",
      "pid": 10001,
      "tid": 20003,
      "ts": 100000000300
    }
  ]
}
