{
  "metadata": {
    "source": "DevTools",
    "startTime": "2025-05-17T20:56:31.714Z",
    "hardwareConcurrency": 1,
    "dataOrigin": "TraceEvents"
  },
  "traceEvents": [
    {
      "cat": "__metadata",
      "name": "thread_name",
      "ph": "M",
      "pid": 10001,
      "tid": 20001,
      "ts": 0,
      "args": {
        "name": ""
      }
    },
    {
      "cat": "v8",
      "name": "CpuProfiler::StartProfiling",
      "dur": 0,
      "ph": "I",
      "pid": 10001,
      "tid": 20001,
      "ts": 1,
      "args": {
        "data": {
          "startTime": 1
        }
      }
    },
    {
      "cat": "v8.cpu_profiler",
      "id": "0x10001200010",
      "name": "Profile",
      "ph": "P",
      "pid": 10001,
      "tid": 20001,
      "ts": 1,
      "args": {
        "data": {
          "startTime": 1
        }
      }
    },
    {
      "cat": "v8.cpu_profiler",
      "name": "ProfileChunk",
      "id": "0x10001200010",
      "ph": "P",
      "pid": 10001,
      "tid": 20001,
      "ts": 0,
      "args": {
        "data": {
          "cpuProfile": {
            "nodes": [
              {
                "id": 1,
                "callFrame": {
                  "functionName": "(root)",
                  "scriptId": "0",
                  "url": "",
                  "lineNumber": -1,
                  "columnNumber": -1
                },
                "children": [
                  2,
                  3
                ]
              },
              {
                "id": 2,
                "callFrame": {
                  "functionName": "work-1",
                  "scriptId": "1",
                  "url": "file:///a.js",
                  "lineNumber": 92,
                  "columnNumber": 19
                },
                "children": [
                  4
                ]
              },
              {
                "id": 4,
                "callFrame": {
                  "functionName": "helper",
                  "scriptId": "1",
                  "url": "file:///a.js",
                  "lineNumber": 98,
                  "columnNumber": 5
                },
                "children": [
                  5
                ]
              },
              {
                "id": 5,
                "callFrame": {
                  "functionName": "compute",
                  "scriptId": "1",
                  "url": "file:///a.js",
                  "lineNumber": 99,
                  "columnNumber": 5
                },
                "children": []
              }
            ],
            "samples": [
              1,
              2,
              4,
              5,
              4,
              2,
              1
            ]
          },
          "timeDeltas": [
            0,
            10,
            10,
            10,
            10,
            10,
            10
          ]
        }
      }
    },
    {
      "cat": "v8",
      "name": "CpuProfiler::StopProfiling",
      "dur": 0,
      "ph": "I",
      "pid": 10001,
      "tid": 20001,
      "ts": 160,
      "args": {
        "data": {
          "endTime": 160
        }
      }
    }
  ]
}