{
  "metadata": {
    "source": "DevTools",
    "startTime": "2025-05-17T20:56:31.714Z",
    "hardwareConcurrency": 1,
    "dataOrigin": "TraceEvents"
  },
  "traceEvents": [
    {
      "cat": "devtools.timeline",
      "name": "TracingStartedInBrowser",
      "ph": "I",
      "pid": 1,
      "tid": 1,
      "ts": 1,
      "s": "t",
      "args": {
        "data": {
          "frameTreeNodeId": 1,
          "frames": [
            {
              "frame": "frame-1",
              "isInPrimaryMainFrame": true,
              "isOutermostMainFrame": true,
              "name": "",
              "processId": 1,
              "url": "file://test-file"
            }
          ],
          "persistentIds": true
        }
      }
    },
    {
      "cat": "__metadata",
      "name": "thread_name",
      "ph": "M",
      "pid": 1,
      "tid": 1,
      "ts": 0,
      "args": {
        "name": ""
      }
    },
    {
      "cat": "v8",
      "name": "CpuProfiler::StartProfiling",
      "dur": 0,
      "ph": "I",
      "pid": 1,
      "tid": 1,
      "ts": 1,
      "args": {
        "data": {
          "startTime": 1
        }
      }
    },
    {
      "cat": "v8.cpu_profiler",
      "id": "0x110",
      "name": "Profile",
      "ph": "P",
      "pid": 1,
      "tid": 1,
      "ts": 1,
      "args": {
        "data": {
          "startTime": 1
        }
      }
    },
    {
      "cat": "v8.cpu_profiler",
      "name": "ProfileChunk",
      "id": "0x110",
      "ph": "P",
      "pid": 1,
      "tid": 1,
      "ts": 0,
      "args": {
        "data": {
          "cpuProfile": {
            "nodes": [
              {
                "id": 1,
                "callFrame": {
                  "functionName": "(root)",
                  "scriptId": "0",
                  "url": "",
                  "lineNumber": -1,
                  "columnNumber": -1
                },
                "children": [
                  2
                ]
              },
              {
                "id": 2,
                "callFrame": {
                  "functionName": "flatLine_L1",
                  "scriptId": "1",
                  "url": "file:///app.js",
                  "lineNumber": 4,
                  "columnNumber": 0
                },
                "parent": 1,
                "children": [
                  3
                ]
              },
              {
                "id": 3,
                "callFrame": {
                  "functionName": "flatLine_L2",
                  "scriptId": "1",
                  "url": "file:///app.js",
                  "lineNumber": 5,
                  "columnNumber": 0
                },
                "parent": 2,
                "children": [
                  4
                ]
              },
              {
                "id": 4,
                "callFrame": {
                  "functionName": "flatLine_Task",
                  "scriptId": "1",
                  "url": "file:///app.js",
                  "lineNumber": 6,
                  "columnNumber": 0
                },
                "parent": 3
              }
            ],
            "samples": [
              1,
              4,
              4,
              4,
              4
            ]
          },
          "timeDeltas": [
            0,
            10,
            10,
            10,
            10
          ]
        }
      }
    },
    {
      "cat": "v8",
      "name": "CpuProfiler::StopProfiling",
      "dur": 0,
      "ph": "I",
      "pid": 1,
      "tid": 1,
      "ts": 60,
      "args": {
        "data": {
          "endTime": 60
        }
      }
    },
    {
      "cat": "__metadata",
      "name": "thread_name",
      "ph": "M",
      "pid": 1,
      "tid": 1,
      "ts": 0,
      "args": {
        "name": ""
      }
    },
    {
      "cat": "v8",
      "name": "CpuProfiler::StartProfiling",
      "dur": 0,
      "ph": "I",
      "pid": 1,
      "tid": 1,
      "ts": 10,
      "args": {
        "data": {
          "startTime": 10
        }
      }
    },
    {
      "cat": "v8.cpu_profiler",
      "id": "0x110",
      "name": "Profile",
      "ph": "P",
      "pid": 1,
      "tid": 1,
      "ts": 10,
      "args": {
        "data": {
          "startTime": 10
        }
      }
    },
    {
      "cat": "v8.cpu_profiler",
      "name": "ProfileChunk",
      "id": "0x110",
      "ph": "P",
      "pid": 1,
      "tid": 1,
      "ts": 0,
      "args": {
        "data": {
          "cpuProfile": {
            "nodes": [
              {
                "id": 1,
                "callFrame": {
                  "functionName": "(root)",
                  "scriptId": "0",
                  "url": "",
                  "lineNumber": -1,
                  "columnNumber": -1
                },
                "children": [
                  2,
                  4
                ]
              },
              {
                "id": 2,
                "callFrame": {
                  "functionName": "L1_A",
                  "scriptId": "1",
                  "url": "file:///tasks.js",
                  "lineNumber": 9,
                  "columnNumber": 0
                },
                "parent": 1,
                "children": [
                  3
                ]
              },
              {
                "id": 3,
                "callFrame": {
                  "functionName": "alternating_peakA",
                  "scriptId": "1",
                  "url": "file:///tasks.js",
                  "lineNumber": 10,
                  "columnNumber": 0
                },
                "parent": 2
              },
              {
                "id": 4,
                "callFrame": {
                  "functionName": "L1_B",
                  "scriptId": "2",
                  "url": "file:///tasks.js",
                  "lineNumber": 19,
                  "columnNumber": 0
                },
                "parent": 1,
                "children": [
                  5
                ]
              },
              {
                "id": 5,
                "callFrame": {
                  "functionName": "alternating_peakB",
                  "scriptId": "2",
                  "url": "file:///tasks.js",
                  "lineNumber": 20,
                  "columnNumber": 0
                },
                "parent": 4
              }
            ],
            "samples": [
              1,
              3,
              1,
              5,
              1,
              3,
              1
            ]
          },
          "timeDeltas": [
            0,
            10,
            10,
            10,
            10,
            10,
            10
          ]
        }
      }
    },
    {
      "cat": "v8",
      "name": "CpuProfiler::StopProfiling",
      "dur": 0,
      "ph": "I",
      "pid": 1,
      "tid": 1,
      "ts": 70,
      "args": {
        "data": {
          "endTime": 70
        }
      }
    },
    {
      "cat": "__metadata",
      "name": "thread_name",
      "ph": "M",
      "pid": 1,
      "tid": 1,
      "ts": 0,
      "args": {
        "name": ""
      }
    },
    {
      "cat": "v8",
      "name": "CpuProfiler::StartProfiling",
      "dur": 0,
      "ph": "I",
      "pid": 1,
      "tid": 1,
      "ts": 20,
      "args": {
        "data": {
          "startTime": 20
        }
      }
    },
    {
      "cat": "v8.cpu_profiler",
      "id": "0x110",
      "name": "Profile",
      "ph": "P",
      "pid": 1,
      "tid": 1,
      "ts": 20,
      "args": {
        "data": {
          "startTime": 20
        }
      }
    },
    {
      "cat": "v8.cpu_profiler",
      "name": "ProfileChunk",
      "id": "0x110",
      "ph": "P",
      "pid": 1,
      "tid": 1,
      "ts": 0,
      "args": {
        "data": {
          "cpuProfile": {
            "nodes": [
              {
                "id": 1,
                "callFrame": {
                  "functionName": "(root)",
                  "scriptId": "0",
                  "url": "",
                  "lineNumber": -1,
                  "columnNumber": -1
                },
                "children": [
                  2
                ]
              },
              {
                "id": 2,
                "callFrame": {
                  "functionName": "step-1",
                  "scriptId": "1",
                  "url": "file:///b.js",
                  "lineNumber": 10,
                  "columnNumber": 0
                },
                "children": [
                  3
                ]
              },
              {
                "id": 3,
                "callFrame": {
                  "functionName": "step-2",
                  "scriptId": "1",
                  "url": "file:///b.js",
                  "lineNumber": 20,
                  "columnNumber": 0
                },
                "children": [
                  4
                ]
              },
              {
                "id": 4,
                "callFrame": {
                  "functionName": "step-3",
                  "scriptId": "1",
                  "url": "file:///b.js",
                  "lineNumber": 30,
                  "columnNumber": 0
                },
                "children": []
              }
            ],
            "samples": [
              1,
              2,
              3,
              4,
              3,
              2,
              1
            ]
          },
          "timeDeltas": [
            0,
            10,
            10,
            10,
            10,
            10,
            10
          ]
        }
      }
    },
    {
      "cat": "v8",
      "name": "CpuProfiler::StopProfiling",
      "dur": 0,
      "ph": "I",
      "pid": 1,
      "tid": 1,
      "ts": 90,
      "args": {
        "data": {
          "endTime": 90
        }
      }
    },
    {
      "cat": "__metadata",
      "name": "thread_name",
      "ph": "M",
      "pid": 1,
      "tid": 1,
      "ts": 0,
      "args": {
        "name": ""
      }
    },
    {
      "cat": "v8",
      "name": "CpuProfiler::StartProfiling",
      "dur": 0,
      "ph": "I",
      "pid": 1,
      "tid": 1,
      "ts": 30,
      "args": {
        "data": {
          "startTime": 30
        }
      }
    },
    {
      "cat": "v8.cpu_profiler",
      "id": "0x110",
      "name": "Profile",
      "ph": "P",
      "pid": 1,
      "tid": 1,
      "ts": 30,
      "args": {
        "data": {
          "startTime": 30
        }
      }
    },
    {
      "cat": "v8.cpu_profiler",
      "name": "ProfileChunk",
      "id": "0x110",
      "ph": "P",
      "pid": 1,
      "tid": 1,
      "ts": 0,
      "args": {
        "data": {
          "cpuProfile": {
            "nodes": [
              {
                "id": 1,
                "callFrame": {
                  "functionName": "(root)",
                  "scriptId": "0",
                  "url": "",
                  "lineNumber": -1,
                  "columnNumber": -1
                },
                "children": [
                  2
                ]
              },
              {
                "id": 2,
                "callFrame": {
                  "functionName": "stairDown_S3",
                  "scriptId": "1",
                  "url": "file:///app.js",
                  "lineNumber": 1,
                  "columnNumber": 0
                },
                "children": [
                  3
                ]
              },
              {
                "id": 3,
                "callFrame": {
                  "functionName": "stairDown_S2",
                  "scriptId": "1",
                  "url": "file:///app.js",
                  "lineNumber": 2,
                  "columnNumber": 0
                },
                "children": [
                  4
                ]
              },
              {
                "id": 4,
                "callFrame": {
                  "functionName": "stairDown_S1",
                  "scriptId": "1",
                  "url": "file:///app.js",
                  "lineNumber": 3,
                  "columnNumber": 0
                }
              }
            ],
            "samples": [
              1,
              4,
              3,
              2,
              1
            ]
          },
          "timeDeltas": [
            0,
            10,
            10,
            10,
            10
          ]
        }
      }
    },
    {
      "cat": "v8",
      "name": "CpuProfiler::StopProfiling",
      "dur": 0,
      "ph": "I",
      "pid": 1,
      "tid": 1,
      "ts": 80,
      "args": {
        "data": {
          "endTime": 80
        }
      }
    }
  ]
}