[
  {
    "cat": "v8",
    "name": "CpuProfiler::StartProfiling",
    "dur": 0,
    "ph": "I",
    "pid": 1,
    "tid": 0,
    "ts": 1,
    "args": {
      "data": {
        "startTime": 1
      }
    },
    "s": "t"
  },
  {
    "cat": "v8.cpu_profiler",
    "id": "0x100",
    "name": "Profile",
    "ph": "P",
    "pid": 1,
    "tid": 1,
    "ts": 1,
    "args": {
      "data": {
        "startTime": 1
      }
    }
  },
  {
    "cat": "v8.cpu_profiler",
    "name": "ProfileChunk",
    "id": "0x100",
    "ph": "P",
    "pid": 1,
    "tid": 2,
    "ts": 1,
    "args": {
      "data": {
        "cpuProfile": {
          "nodes": [
            {
              "id": 1,
              "callFrame": {
                "functionName": "(root)",
                "scriptId": "0",
                "url": "",
                "lineNumber": -1,
                "columnNumber": -1
              },
              "children": [
                2
              ]
            },
            {
              "id": 2,
              "callFrame": {
                "functionName": "step-1",
                "scriptId": "1-pyramide",
                "url": "file:///pyramide.js",
                "lineNumber": 10,
                "columnNumber": 0
              },
              "children": [
                3
              ]
            },
            {
              "id": 3,
              "callFrame": {
                "functionName": "step-2",
                "scriptId": "1-pyramide",
                "url": "file:///pyramide.js",
                "lineNumber": 20,
                "columnNumber": 0
              },
              "children": [
                4
              ]
            },
            {
              "id": 4,
              "callFrame": {
                "functionName": "step-3",
                "scriptId": "1-pyramide",
                "url": "file:///pyramide.js",
                "lineNumber": 30,
                "columnNumber": 0
              },
              "children": []
            }
          ],
          "samples": [
            1,
            2,
            3,
            4,
            3,
            2,
            1
          ]
        },
        "timeDeltas": [
          0,
          10,
          10,
          10,
          10,
          10,
          10
        ]
      }
    }
  },
  {
    "cat": "v8",
    "name": "CpuProfiler::StopProfiling",
    "dur": 0,
    "ph": "I",
    "pid": 1,
    "tid": 3,
    "ts": 70,
    "args": {
      "data": {
        "endTime": 70
      }
    },
    "s": "t"
  },
  {
    "cat": "v8",
    "name": "CpuProfiler::StartProfiling",
    "dur": 0,
    "ph": "I",
    "pid": 1,
    "tid": 4,
    "ts": 1,
    "args": {
      "data": {
        "startTime": 1
      }
    },
    "s": "t"
  },
  {
    "cat": "v8.cpu_profiler",
    "id": "0x210",
    "name": "Profile",
    "ph": "P",
    "pid": 1,
    "tid": 5,
    "ts": 1,
    "args": {
      "data": {
        "startTime": 1
      }
    }
  },
  {
    "cat": "v8.cpu_profiler",
    "name": "ProfileChunk",
    "id": "0x210",
    "ph": "P",
    "pid": 1,
    "tid": 6,
    "ts": 1,
    "args": {
      "data": {
        "cpuProfile": {
          "nodes": [
            {
              "id": 1,
              "callFrame": {
                "functionName": "(root)",
                "scriptId": "0",
                "url": "",
                "lineNumber": -1,
                "columnNumber": -1
              },
              "children": [
                2
              ]
            },
            {
              "id": 2,
              "callFrame": {
                "functionName": "step-1",
                "scriptId": "1-stair-up",
                "url": "file:///stair-up.js",
                "lineNumber": 10,
                "columnNumber": 0
              },
              "children": [
                3
              ]
            },
            {
              "id": 3,
              "callFrame": {
                "functionName": "step-2",
                "scriptId": "1-stair-up",
                "url": "file:///stair-up.js",
                "lineNumber": 20,
                "columnNumber": 0
              },
              "children": [
                4
              ]
            },
            {
              "id": 4,
              "callFrame": {
                "functionName": "step-3",
                "scriptId": "1-stair-up",
                "url": "file:///stair-up.js",
                "lineNumber": 30,
                "columnNumber": 0
              },
              "children": []
            }
          ],
          "samples": [
            1,
            2,
            3,
            4,
            1
          ]
        },
        "timeDeltas": [
          0,
          10,
          10,
          10,
          10
        ]
      }
    }
  },
  {
    "cat": "v8",
    "name": "CpuProfiler::StopProfiling",
    "dur": 0,
    "ph": "I",
    "pid": 1,
    "tid": 7,
    "ts": 50,
    "args": {
      "data": {
        "endTime": 50
      }
    },
    "s": "t"
  }
]