{
  "traceEvents": [
    {
      "cat": "devtools.timeline",
      "name": "TracingStartedInBrowser",
      "ph": "I",
      "pid": 1,
      "tid": 0,
      "ts": 1,
      "s": "t",
      "args": {
        "data": {
          "frameTreeNodeId": 1,
          "frames": [
            {
              "frame": "frame-1",
              "isInPrimaryMainFrame": true,
              "isOutermostMainFrame": true,
              "name": "",
              "processId": 1,
              "url": "file:///merged-cpu-profile"
            }
          ],
          "persistentIds": true
        }
      }
    },
    {
      "cat": "v8",
      "name": "CpuProfiler::StartProfiling",
      "dur": 0,
      "ph": "I",
      "pid": 1,
      "tid": 0,
      "ts": 1,
      "args": {
        "data": {
          "startTime": 1
        }
      },
      "s": "t"
    },
    {
      "cat": "v8.cpu_profiler",
      "id": "0x100",
      "name": "Profile",
      "ph": "P",
      "pid": 1,
      "tid": 0,
      "ts": 1,
      "args": {
        "data": {
          "startTime": 1
        }
      }
    },
    {
      "cat": "v8.cpu_profiler",
      "name": "ProfileChunk",
      "id": "0x100",
      "ph": "P",
      "pid": 1,
      "tid": 0,
      "ts": 1,
      "args": {
        "data": {
          "cpuProfile": {
            "nodes": [
              {
                "id": 1,
                "callFrame": {
                  "functionName": "(root)",
                  "scriptId": "0",
                  "url": "",
                  "lineNumber": -1,
                  "columnNumber": -1
                },
                "children": [
                  2
                ]
              },
              {
                "id": 2,
                "callFrame": {
                  "functionName": "step-1",
                  "scriptId": "1",
                  "url": "file:///b.js",
                  "lineNumber": 10,
                  "columnNumber": 0
                },
                "children": [
                  3
                ]
              },
              {
                "id": 3,
                "callFrame": {
                  "functionName": "step-2",
                  "scriptId": "1",
                  "url": "file:///b.js",
                  "lineNumber": 20,
                  "columnNumber": 0
                },
                "children": [
                  4
                ]
              },
              {
                "id": 4,
                "callFrame": {
                  "functionName": "step-3",
                  "scriptId": "1",
                  "url": "file:///b.js",
                  "lineNumber": 30,
                  "columnNumber": 0
                },
                "children": []
              }
            ],
            "samples": [
              1,
              2,
              3,
              4,
              3,
              2,
              1
            ]
          },
          "timeDeltas": [
            0,
            10,
            10,
            10,
            10,
            10,
            10
          ]
        }
      }
    },
    {
      "cat": "v8",
      "name": "CpuProfiler::StartProfiling",
      "dur": 0,
      "ph": "I",
      "pid": 1,
      "tid": 0,
      "ts": 1,
      "args": {
        "data": {
          "startTime": 1
        }
      },
      "s": "t"
    },
    {
      "cat": "v8.cpu_profiler",
      "id": "0x101",
      "name": "Profile",
      "ph": "P",
      "pid": 1,
      "tid": 0,
      "ts": 1,
      "args": {
        "data": {
          "startTime": 1
        }
      }
    },
    {
      "cat": "v8.cpu_profiler",
      "name": "ProfileChunk",
      "id": "0x101",
      "ph": "P",
      "pid": 1,
      "tid": 0,
      "ts": 1,
      "args": {
        "data": {
          "cpuProfile": {
            "nodes": [
              {
                "id": 1,
                "callFrame": {
                  "functionName": "(root)",
                  "scriptId": "0",
                  "url": "",
                  "lineNumber": -1,
                  "columnNumber": -1
                },
                "children": [
                  2
                ]
              },
              {
                "id": 2,
                "callFrame": {
                  "functionName": "step-1",
                  "scriptId": "1",
                  "url": "file:///b.js",
                  "lineNumber": 10,
                  "columnNumber": 0
                },
                "children": [
                  3
                ]
              },
              {
                "id": 3,
                "callFrame": {
                  "functionName": "step-2",
                  "scriptId": "1",
                  "url": "file:///b.js",
                  "lineNumber": 20,
                  "columnNumber": 0
                },
                "children": [
                  4
                ]
              },
              {
                "id": 4,
                "callFrame": {
                  "functionName": "step-3",
                  "scriptId": "1",
                  "url": "file:///b.js",
                  "lineNumber": 30,
                  "columnNumber": 0
                },
                "children": []
              }
            ],
            "samples": [
              1,
              2,
              3,
              4,
              1
            ]
          },
          "timeDeltas": [
            0,
            10,
            10,
            10,
            10
          ]
        }
      }
    },
    {
      "cat": "v8",
      "name": "CpuProfiler::StopProfiling",
      "dur": 0,
      "ph": "I",
      "pid": 1,
      "tid": 0,
      "ts": 50,
      "args": {
        "data": {
          "endTime": 50
        }
      },
      "s": "t"
    },
    {
      "cat": "v8",
      "name": "CpuProfiler::StopProfiling",
      "dur": 0,
      "ph": "I",
      "pid": 1,
      "tid": 0,
      "ts": 70,
      "args": {
        "data": {
          "endTime": 70
        }
      },
      "s": "t"
    }
  ],
  "metadata": {
    "source": "DevTools",
    "startTime": "mocked-timestamp",
    "hardwareConcurrency": 1,
    "dataOrigin": "TraceEvents"
  }
}